// Jest Snapshot v1, https://goo.gl/fbAQLP

exports[`PageView component renders differently with infinite 1`] = `<Connect(ReactInfiniteScrollController) />`;
